// Jest Snapshot v1, https://goo.gl/fbAQLP

exports[`MyProfile component renders correctly 1`] = `
<p
  className="myprofile"
>
  No rockets reserved and No Missions Joined!
</p>
`;
